// Jest Snapshot v1, https://goo.gl/fbAQLP

exports[`Render correctly <FilmCard> 1`] = `
<article
  className="small-movie-card catalog__movies-card"
  onMouseEnter={[Function]}
  onMouseLeave={[Function]}
>
  <div
    className="small-movie-card__image"
  >
    <div>
      This is video player
    </div>
  </div>
  <h3
    className="small-movie-card__title"
  >
    <a
      className="small-movie-card__link"
      href="#"
      onClick={[Function]}
    >
      test name
    </a>
  </h3>
</article>
`;
