// Jest Snapshot v1, https://goo.gl/fbAQLP

exports[`Render correctly <Main> 1`] = `
<React.Fragment>
  <Memo(Connect(PromoFilmCard))
    film={
      Object {
        "backgroundImg": "img/bg-the-grand-budapest-hotel.jpg",
        "genre": "Comedy",
        "name": "Fantastic Beasts: The Crimes of Grindelwald",
        "posterImg": "img/the-grand-budapest-hotel-poster.jpg",
        "previewImg": "img/fantastic-beasts-the-crimes-of-grindelwald.jpg",
        "previewVideoLink": "https://upload.wikimedia.org/wikipedia/commons/transcoded/b/b3/Big_Buck_Bunny_Trailer_400p.ogv/Big_Buck_Bunny_Trailer_400p.ogv.360p.webm",
        "released": 2014,
      }
    }
  />
  <div
    className="page-content"
  >
    <section
      className="catalog"
    >
      <h2
        className="catalog__title visually-hidden"
      >
        Catalog
      </h2>
      <Memo(Connect(GenresList)) />
      <Memo(Connect(FilmsList))
        films={
          Array [
            Object {
              "backgroundImg": "img/bg-the-grand-budapest-hotel.jpg",
              "genre": "Comedy",
              "name": "Fantastic Beasts: The Crimes of Grindelwald",
              "posterImg": "img/the-grand-budapest-hotel-poster.jpg",
              "previewImg": "img/fantastic-beasts-the-crimes-of-grindelwald.jpg",
              "previewVideoLink": "https://upload.wikimedia.org/wikipedia/commons/transcoded/b/b3/Big_Buck_Bunny_Trailer_400p.ogv/Big_Buck_Bunny_Trailer_400p.ogv.360p.webm",
              "released": 2014,
            },
            Object {
              "name": "Bohemian Rhapsody",
              "previewImg": "img/bohemian-rhapsody.jpg",
              "previewVideoLink": "https://upload.wikimedia.org/wikipedia/commons/transcoded/b/b3/Big_Buck_Bunny_Trailer_400p.ogv/Big_Buck_Bunny_Trailer_400p.ogv.360p.webm",
            },
            Object {
              "name": "Macbeth",
              "previewImg": "img/macbeth.jpg",
              "previewVideoLink": "https://upload.wikimedia.org/wikipedia/commons/transcoded/b/b3/Big_Buck_Bunny_Trailer_400p.ogv/Big_Buck_Bunny_Trailer_400p.ogv.360p.webm",
            },
          ]
        }
      />
      <Memo(Connect(ShowMoreButton)) />
    </section>
  </div>
</React.Fragment>
`;
