// Jest Snapshot v1, https://goo.gl/fbAQLP

exports[`<App> Render <App> 1`] = `
<section
  className="catalog"
>
  <h2
    className="catalog__title visually-hidden"
  >
    Catalog
  </h2>
  <div
    className="catalog__movies-list"
  >
    <article
      className="small-movie-card catalog__movies-card"
    >
      <div
        className="small-movie-card__image"
      >
        <img
          alt="Test film 1"
          height="175"
          src="img/fantastic-beasts-the-crimes-of-grindelwald.jpg"
          width="280"
        />
      </div>
      <h3
        className="small-movie-card__title"
      >
        <a
          className="small-movie-card__link"
          href="#"
          onClick={[Function]}
        >
          Test film 1
        </a>
      </h3>
    </article>
    <article
      className="small-movie-card catalog__movies-card"
    >
      <div
        className="small-movie-card__image"
      >
        <img
          alt="Test film 2"
          height="175"
          src="img/fantastic-beasts-the-crimes-of-grindelwald.jpg"
          width="280"
        />
      </div>
      <h3
        className="small-movie-card__title"
      >
        <a
          className="small-movie-card__link"
          href="#"
          onClick={[Function]}
        >
          Test film 2
        </a>
      </h3>
    </article>
  </div>
</section>
`;
