// Jest Snapshot v1, https://goo.gl/fbAQLP

exports[`Render correctly <ShowMoreButton> Should render when visible is true 1`] = `
<div
  className="catalog__more"
>
  <button
    className="catalog__button"
    onClick={[Function]}
    type="button"
  >
    Show more
  </button>
</div>
`;

exports[`Render correctly <ShowMoreButton> Shouldn't render when visible is false 1`] = `null`;
